Info: Read atom netlist
Info: Directory /home/hoangbuikhanh/WORKSPACE/traffic_control_system_buttons/output/board/fpgaxchange exists --if you continue the contents of the directory may be overwritten
Info: Generating FPGA Xchange file /home/hoangbuikhanh/WORKSPACE/traffic_control_system_buttons/output/board/fpgaxchange/traffic_button.fx
Info: Atom 1759 (SVNSEG_SEG[0]) has key 'output,3.3-V LVTTL,8,Off,--,FAST,0,--,0,--,--'
Info: Atom 1761 (SVNSEG_SEG[1]) has key 'output,3.3-V LVTTL,8,Off,--,FAST,0,--,0,--,--'
Info: Atom 1763 (SVNSEG_SEG[2]) has key 'output,3.3-V LVTTL,8,Off,--,FAST,0,--,0,--,--'
Info: Atom 1765 (SVNSEG_SEG[3]) has key 'output,3.3-V LVTTL,8,Off,--,FAST,0,--,0,--,--'
Info: Atom 1767 (SVNSEG_SEG[4]) has key 'output,3.3-V LVTTL,8,Off,--,FAST,0,--,0,--,--'
Info: Atom 1769 (SVNSEG_SEG[5]) has key 'output,3.3-V LVTTL,8,Off,--,FAST,0,--,0,--,--'
Info: Atom 1771 (SVNSEG_SEG[6]) has key 'output,3.3-V LVTTL,8,Off,--,FAST,0,--,0,--,--'
Info: Atom 1773 (SVNSEG_SEG[7]) has key 'output,3.3-V LVTTL,8,Off,--,FAST,0,--,0,--,--'
Info: Atom 1775 (n_r_left) has key 'output,3.3-V LVTTL,8,Off,--,FAST,0,--,0,--,--'
Info: Atom 1777 (n_y_left) has key 'output,3.3-V LVTTL,8,Off,--,FAST,0,--,0,--,--'
Info: Atom 1779 (n_g_left) has key 'output,3.3-V LVTTL,8,Off,--,FAST,0,--,0,--,--'
Info: Atom 1781 (n_r_ped) has key 'output,2.5 V,Default,Series 50 Ohm without Calibration,--,FAST,0,--,0,--,--'
Info: Atom 1783 (n_g_ped) has key 'output,3.3-V LVTTL,8,Off,--,FAST,0,--,0,--,--'
Info: Atom 1785 (n_r_stra) has key 'output,3.3-V LVTTL,8,Off,--,FAST,0,--,0,--,--'
Info: Atom 1787 (n_y_stra) has key 'output,3.3-V LVTTL,8,Off,--,FAST,0,--,0,--,--'
Info: Atom 1789 (n_g_stra) has key 'output,3.3-V LVTTL,8,Off,--,FAST,0,--,0,--,--'
Info: Atom 1791 (s_r_left) has key 'output,3.3-V LVTTL,8,Off,--,FAST,0,--,0,--,--'
Info: Atom 1793 (s_y_left) has key 'output,3.3-V LVTTL,8,Off,--,FAST,0,--,0,--,--'
Info: Atom 1795 (s_g_left) has key 'output,3.3-V LVTTL,8,Off,--,FAST,0,--,0,--,--'
Info: Atom 1797 (s_r_ped) has key 'output,2.5 V,Default,Series 50 Ohm without Calibration,--,FAST,0,--,0,--,--'
Info: Atom 1799 (s_g_ped) has key 'output,3.3-V LVTTL,8,Off,--,FAST,0,--,0,--,--'
Info: Atom 1801 (s_r_stra) has key 'output,3.3-V LVTTL,8,Off,--,FAST,0,--,0,--,--'
Info: Atom 1803 (s_y_stra) has key 'output,3.3-V LVTTL,8,Off,--,FAST,0,--,0,--,--'
Info: Atom 1805 (s_g_stra) has key 'output,3.3-V LVTTL,8,Off,--,FAST,0,--,0,--,--'
Info: Atom 1807 (e_r_left) has key 'output,3.3-V LVTTL,8,Off,--,FAST,0,--,0,--,--'
Info: Atom 1809 (e_y_left) has key 'output,3.3-V LVTTL,8,Off,--,FAST,0,--,0,--,--'
Info: Atom 1811 (e_g_left) has key 'output,3.3-V LVTTL,8,Off,--,FAST,0,--,0,--,--'
Info: Atom 1813 (e_r_ped) has key 'output,2.5 V,Default,Series 50 Ohm without Calibration,--,FAST,0,--,0,--,--'
Info: Atom 1815 (e_g_ped) has key 'output,3.3-V LVTTL,8,Off,--,FAST,0,--,0,--,--'
Info: Atom 1817 (e_r_stra) has key 'output,3.3-V LVTTL,8,Off,--,FAST,0,--,0,--,--'
Info: Atom 1819 (e_y_stra) has key 'output,3.3-V LVTTL,8,Off,--,FAST,0,--,0,--,--'
Info: Atom 1821 (e_g_stra) has key 'output,3.3-V LVTTL,8,Off,--,FAST,0,--,0,--,--'
Info: Atom 1823 (w_r_left) has key 'output,3.3-V LVTTL,8,Off,--,FAST,0,--,0,--,--'
Info: Atom 1825 (w_y_left) has key 'output,3.3-V LVTTL,8,Off,--,FAST,0,--,0,--,--'
Info: Atom 1827 (w_g_left) has key 'output,3.3-V LVTTL,8,Off,--,FAST,0,--,0,--,--'
Info: Atom 1829 (w_r_ped) has key 'output,2.5 V,Default,Series 50 Ohm without Calibration,--,FAST,0,--,0,--,--'
Info: Atom 1831 (w_g_ped) has key 'output,3.3-V LVTTL,8,Off,--,FAST,0,--,0,--,--'
Info: Atom 1833 (w_r_stra) has key 'output,3.3-V LVTTL,8,Off,--,FAST,0,--,0,--,--'
Info: Atom 1835 (w_y_stra) has key 'output,3.3-V LVTTL,8,Off,--,FAST,0,--,0,--,--'
Info: Atom 1837 (w_g_stra) has key 'output,3.3-V LVTTL,8,Off,--,FAST,0,--,0,--,--'
Info: Atom 1839 (system_fault_led) has key 'output,3.3-V LVTTL,8,Off,--,FAST,0,--,0,--,--'
Info: Atom 1840 (dig_dip[0]) has key 'bidir,3.3-V LVTTL,8,Off,Off,FAST,0,--,0,--,--'
Info: Atom 1842 (dig_dip[1]) has key 'bidir,3.3-V LVTTL,8,Off,Off,FAST,0,--,0,--,--'
Info: Atom 1844 (dig_dip[2]) has key 'bidir,3.3-V LVTTL,8,Off,Off,FAST,0,--,0,--,--'
Info: Atom 1846 (dig_dip[3]) has key 'bidir,3.3-V LVTTL,8,Off,Off,FAST,0,--,0,--,--'
Info: Atom 1849 (clk) has key 'input,3.3-V LVTTL,--,--,Off,--,0,--,0,--,--'
Info: Atom 1851 (rst_n) has key 'input,3.3-V LVTTL,--,--,Off,--,0,--,0,--,--'
Info: Atom 1853 (io_mode) has key 'input,3.3-V LVTTL,--,--,Off,--,0,--,0,--,--'
Info: Atom 1855 (cfg_data[0]) has key 'input,3.3-V LVTTL,--,--,Off,--,0,--,0,--,--'
Info: Atom 1857 (cfg_addr[3]) has key 'input,3.3-V LVTTL,--,--,Off,--,0,--,0,--,--'
Info: Atom 1859 (cfg_we) has key 'input,3.3-V LVTTL,--,--,Off,--,0,--,0,--,--'
Info: Atom 1861 (cfg_addr[1]) has key 'input,3.3-V LVTTL,--,--,Off,--,0,--,0,--,--'
Info: Atom 1863 (cfg_addr[2]) has key 'input,3.3-V LVTTL,--,--,Off,--,0,--,0,--,--'
Info: Atom 1865 (cfg_addr[0]) has key 'input,3.3-V LVTTL,--,--,Off,--,0,--,0,--,--'
Info: Atom 1867 (cfg_data[7]) has key 'input,3.3-V LVTTL,--,--,Off,--,0,--,0,--,--'
Info: Atom 1869 (cfg_data[6]) has key 'input,3.3-V LVTTL,--,--,Off,--,0,--,0,--,--'
Info: Atom 1871 (cfg_data[5]) has key 'input,3.3-V LVTTL,--,--,Off,--,0,--,0,--,--'
Info: Atom 1873 (cfg_data[4]) has key 'input,3.3-V LVTTL,--,--,Off,--,0,--,0,--,--'
Info: Atom 1875 (cfg_data[3]) has key 'input,3.3-V LVTTL,--,--,Off,--,0,--,0,--,--'
Info: Atom 1877 (cfg_data[2]) has key 'input,3.3-V LVTTL,--,--,Off,--,0,--,0,--,--'
Info: Atom 1879 (cfg_data[1]) has key 'input,3.3-V LVTTL,--,--,Off,--,0,--,0,--,--'
Info: FPGA Xchange file /home/hoangbuikhanh/WORKSPACE/traffic_control_system_buttons/output/board/fpgaxchange/traffic_button.fx generated successfully
