Analysis & Synthesis report for traffic_button
Fri Apr 10 04:15:23 2026
Quartus Prime Version 20.1.0 Build 711 06/05/2020 SJ Lite Edition


---------------------
; Table of Contents ;
---------------------
  1. Legal Notice
  2. Analysis & Synthesis Summary
  3. Analysis & Synthesis Settings
  4. Parallel Compilation
  5. Analysis & Synthesis Source Files Read
  6. Analysis & Synthesis Resource Usage Summary
  7. Analysis & Synthesis Resource Utilization by Entity
  8. State Machine - |traffic_light_top|direction_sm:u_west|state
  9. State Machine - |traffic_light_top|direction_sm:u_east|state
 10. State Machine - |traffic_light_top|direction_sm:u_south|state
 11. State Machine - |traffic_light_top|direction_sm:u_north|state
 12. State Machine - |traffic_light_top|sm0_coordinator:u_sm0|state
 13. Registers Removed During Synthesis
 14. General Register Statistics
 15. Inverted Register Statistics
 16. Multiplexer Restructuring Statistics (Restructuring Performed)
 17. Parameter Settings for User Entity Instance: clk_div:u_clk
 18. Parameter Settings for User Entity Instance: dip_controller:u_dip
 19. Port Connectivity Checks: "sm0_coordinator:u_sm0"
 20. Port Connectivity Checks: "clk_div:u_clk"
 21. Post-Synthesis Netlist Statistics for Top Partition
 22. Elapsed Time Per Partition
 23. Analysis & Synthesis Messages



----------------
; Legal Notice ;
----------------
Copyright (C) 2020  Intel Corporation. All rights reserved.
Your use of Intel Corporation's design tools, logic functions 
and other software and tools, and any partner logic 
functions, and any output files from any of the foregoing 
(including device programming or simulation files), and any 
associated documentation or information are expressly subject 
to the terms and conditions of the Intel Program License 
Subscription Agreement, the Intel Quartus Prime License Agreement,
the Intel FPGA IP License Agreement, or other applicable license
agreement, including, without limitation, that your use is for
the sole purpose of programming logic devices manufactured by
Intel and sold by Intel or its authorized distributors.  Please
refer to the applicable agreement for further details, at
https://fpgasoftware.intel.com/eula.



+----------------------------------------------------------------------------------+
; Analysis & Synthesis Summary                                                     ;
+------------------------------------+---------------------------------------------+
; Analysis & Synthesis Status        ; Successful - Fri Apr 10 04:15:23 2026       ;
; Quartus Prime Version              ; 20.1.0 Build 711 06/05/2020 SJ Lite Edition ;
; Revision Name                      ; traffic_button                              ;
; Top-level Entity Name              ; traffic_light_top                           ;
; Family                             ; Cyclone IV E                                ;
; Total logic elements               ; 1,381                                       ;
;     Total combinational functions  ; 1,199                                       ;
;     Dedicated logic registers      ; 484                                         ;
; Total registers                    ; 484                                         ;
; Total pins                         ; 61                                          ;
; Total virtual pins                 ; 0                                           ;
; Total memory bits                  ; 0                                           ;
; Embedded Multiplier 9-bit elements ; 0                                           ;
; Total PLLs                         ; 0                                           ;
+------------------------------------+---------------------------------------------+


+------------------------------------------------------------------------------------------------------------+
; Analysis & Synthesis Settings                                                                              ;
+------------------------------------------------------------------+--------------------+--------------------+
; Option                                                           ; Setting            ; Default Value      ;
+------------------------------------------------------------------+--------------------+--------------------+
; Device                                                           ; EP4CE6E22C8        ;                    ;
; Top-level entity name                                            ; traffic_light_top  ; traffic_button     ;
; Family name                                                      ; Cyclone IV E       ; Cyclone V          ;
; Use smart compilation                                            ; Off                ; Off                ;
; Enable parallel Assembler and Timing Analyzer during compilation ; On                 ; On                 ;
; Enable compact report table                                      ; Off                ; Off                ;
; Restructure Multiplexers                                         ; Auto               ; Auto               ;
; Create Debugging Nodes for IP Cores                              ; Off                ; Off                ;
; Preserve fewer node names                                        ; On                 ; On                 ;
; Intel FPGA IP Evaluation Mode                                    ; Enable             ; Enable             ;
; Verilog Version                                                  ; Verilog_2001       ; Verilog_2001       ;
; VHDL Version                                                     ; VHDL_1993          ; VHDL_1993          ;
; State Machine Processing                                         ; Auto               ; Auto               ;
; Safe State Machine                                               ; Off                ; Off                ;
; Extract Verilog State Machines                                   ; On                 ; On                 ;
; Extract VHDL State Machines                                      ; On                 ; On                 ;
; Ignore Verilog initial constructs                                ; Off                ; Off                ;
; Iteration limit for constant Verilog loops                       ; 5000               ; 5000               ;
; Iteration limit for non-constant Verilog loops                   ; 250                ; 250                ;
; Add Pass-Through Logic to Inferred RAMs                          ; On                 ; On                 ;
; Infer RAMs from Raw Logic                                        ; On                 ; On                 ;
; Parallel Synthesis                                               ; On                 ; On                 ;
; DSP Block Balancing                                              ; Auto               ; Auto               ;
; NOT Gate Push-Back                                               ; On                 ; On                 ;
; Power-Up Don't Care                                              ; On                 ; On                 ;
; Remove Redundant Logic Cells                                     ; Off                ; Off                ;
; Remove Duplicate Registers                                       ; On                 ; On                 ;
; Ignore CARRY Buffers                                             ; Off                ; Off                ;
; Ignore CASCADE Buffers                                           ; Off                ; Off                ;
; Ignore GLOBAL Buffers                                            ; Off                ; Off                ;
; Ignore ROW GLOBAL Buffers                                        ; Off                ; Off                ;
; Ignore LCELL Buffers                                             ; Off                ; Off                ;
; Ignore SOFT Buffers                                              ; On                 ; On                 ;
; Limit AHDL Integers to 32 Bits                                   ; Off                ; Off                ;
; Optimization Technique                                           ; Balanced           ; Balanced           ;
; Carry Chain Length                                               ; 70                 ; 70                 ;
; Auto Carry Chains                                                ; On                 ; On                 ;
; Auto Open-Drain Pins                                             ; On                 ; On                 ;
; Perform WYSIWYG Primitive Resynthesis                            ; Off                ; Off                ;
; Auto ROM Replacement                                             ; On                 ; On                 ;
; Auto RAM Replacement                                             ; On                 ; On                 ;
; Auto DSP Block Replacement                                       ; On                 ; On                 ;
; Auto Shift Register Replacement                                  ; Auto               ; Auto               ;
; Allow Shift Register Merging across Hierarchies                  ; Auto               ; Auto               ;
; Auto Clock Enable Replacement                                    ; On                 ; On                 ;
; Strict RAM Replacement                                           ; Off                ; Off                ;
; Allow Synchronous Control Signals                                ; On                 ; On                 ;
; Force Use of Synchronous Clear Signals                           ; Off                ; Off                ;
; Auto RAM Block Balancing                                         ; On                 ; On                 ;
; Auto RAM to Logic Cell Conversion                                ; Off                ; Off                ;
; Auto Resource Sharing                                            ; Off                ; Off                ;
; Allow Any RAM Size For Recognition                               ; Off                ; Off                ;
; Allow Any ROM Size For Recognition                               ; Off                ; Off                ;
; Allow Any Shift Register Size For Recognition                    ; Off                ; Off                ;
; Use LogicLock Constraints during Resource Balancing              ; On                 ; On                 ;
; Ignore translate_off and synthesis_off directives                ; Off                ; Off                ;
; Timing-Driven Synthesis                                          ; On                 ; On                 ;
; Report Parameter Settings                                        ; On                 ; On                 ;
; Report Source Assignments                                        ; On                 ; On                 ;
; Report Connectivity Checks                                       ; On                 ; On                 ;
; Ignore Maximum Fan-Out Assignments                               ; Off                ; Off                ;
; Synchronization Register Chain Length                            ; 2                  ; 2                  ;
; Power Optimization During Synthesis                              ; Normal compilation ; Normal compilation ;
; HDL message level                                                ; Level2             ; Level2             ;
; Suppress Register Optimization Related Messages                  ; Off                ; Off                ;
; Number of Removed Registers Reported in Synthesis Report         ; 5000               ; 5000               ;
; Number of Swept Nodes Reported in Synthesis Report               ; 5000               ; 5000               ;
; Number of Inverted Registers Reported in Synthesis Report        ; 100                ; 100                ;
; Clock MUX Protection                                             ; On                 ; On                 ;
; Auto Gated Clock Conversion                                      ; Off                ; Off                ;
; Block Design Naming                                              ; Auto               ; Auto               ;
; SDC constraint protection                                        ; Off                ; Off                ;
; Synthesis Effort                                                 ; Auto               ; Auto               ;
; Shift Register Replacement - Allow Asynchronous Clear Signal     ; On                 ; On                 ;
; Pre-Mapping Resynthesis Optimization                             ; Off                ; Off                ;
; Analysis & Synthesis Message Level                               ; Medium             ; Medium             ;
; Disable Register Merging Across Hierarchies                      ; Auto               ; Auto               ;
; Resource Aware Inference For Block RAM                           ; On                 ; On                 ;
+------------------------------------------------------------------+--------------------+--------------------+


+------------------------------------------+
; Parallel Compilation                     ;
+----------------------------+-------------+
; Processors                 ; Number      ;
+----------------------------+-------------+
; Number detected on machine ; 8           ;
; Maximum allowed            ; 4           ;
;                            ;             ;
; Average used               ; 1.00        ;
; Maximum used               ; 4           ;
;                            ;             ;
; Usage by Processor         ; % Time Used ;
;     Processor 1            ; 100.0%      ;
;     Processor 2            ;   0.1%      ;
;     Processor 3            ;   0.0%      ;
;     Processor 4            ;   0.0%      ;
+----------------------------+-------------+


+---------------------------------------------------------------------------------------------------------------------------------------------------------------------------------+
; Analysis & Synthesis Source Files Read                                                                                                                                          ;
+----------------------------------+-----------------+------------------------+-----------------------------------------------------------------------------------------+---------+
; File Name with User-Entered Path ; Used in Netlist ; File Type              ; File Name with Absolute Path                                                            ; Library ;
+----------------------------------+-----------------+------------------------+-----------------------------------------------------------------------------------------+---------+
; ../script/traffic_light_top.v    ; yes             ; User Verilog HDL File  ; /home/hoangbuikhanh/WORKSPACE/traffic_control_system_buttons/script/traffic_light_top.v ;         ;
; ../script/sm0_coordinator.v      ; yes             ; User Verilog HDL File  ; /home/hoangbuikhanh/WORKSPACE/traffic_control_system_buttons/script/sm0_coordinator.v   ;         ;
; ../script/seg_state.v            ; yes             ; User Verilog HDL File  ; /home/hoangbuikhanh/WORKSPACE/traffic_control_system_buttons/script/seg_state.v         ;         ;
; ../script/request_decoder.v      ; yes             ; User Verilog HDL File  ; /home/hoangbuikhanh/WORKSPACE/traffic_control_system_buttons/script/request_decoder.v   ;         ;
; ../script/direction_sm.v         ; yes             ; User Verilog HDL File  ; /home/hoangbuikhanh/WORKSPACE/traffic_control_system_buttons/script/direction_sm.v      ;         ;
; ../script/dip_controller.v       ; yes             ; User Verilog HDL File  ; /home/hoangbuikhanh/WORKSPACE/traffic_control_system_buttons/script/dip_controller.v    ;         ;
; ../script/conflict_monitor.v     ; yes             ; User Verilog HDL File  ; /home/hoangbuikhanh/WORKSPACE/traffic_control_system_buttons/script/conflict_monitor.v  ;         ;
; ../script/config_regs.v          ; yes             ; User Verilog HDL File  ; /home/hoangbuikhanh/WORKSPACE/traffic_control_system_buttons/script/config_regs.v       ;         ;
; ../script/clk_div.v              ; yes             ; User Verilog HDL File  ; /home/hoangbuikhanh/WORKSPACE/traffic_control_system_buttons/script/clk_div.v           ;         ;
+----------------------------------+-----------------+------------------------+-----------------------------------------------------------------------------------------+---------+


+---------------------------------------------------------+
; Analysis & Synthesis Resource Usage Summary             ;
+---------------------------------------------+-----------+
; Resource                                    ; Usage     ;
+---------------------------------------------+-----------+
; Estimated Total logic elements              ; 1,381     ;
;                                             ;           ;
; Total combinational functions               ; 1199      ;
; Logic element usage by number of LUT inputs ;           ;
;     -- 4 input functions                    ; 522       ;
;     -- 3 input functions                    ; 396       ;
;     -- <=2 input functions                  ; 281       ;
;                                             ;           ;
; Logic elements by mode                      ;           ;
;     -- normal mode                          ; 767       ;
;     -- arithmetic mode                      ; 432       ;
;                                             ;           ;
; Total registers                             ; 484       ;
;     -- Dedicated logic registers            ; 484       ;
;     -- I/O registers                        ; 0         ;
;                                             ;           ;
; I/O pins                                    ; 61        ;
;                                             ;           ;
; Embedded Multiplier 9-bit elements          ; 0         ;
;                                             ;           ;
; Maximum fan-out node                        ; clk~input ;
; Maximum fan-out                             ; 484       ;
; Total fan-out                               ; 5784      ;
; Average fan-out                             ; 3.20      ;
+---------------------------------------------+-----------+


+-----------------------------------------------------------------------------------------------------------------------------------------------------------------------------------------------------------------------------------------------+
; Analysis & Synthesis Resource Utilization by Entity                                                                                                                                                                                           ;
+---------------------------------+---------------------+---------------------------+-------------+--------------+---------+-----------+------+--------------+-----------------------------------------------+-------------------+--------------+
; Compilation Hierarchy Node      ; Combinational ALUTs ; Dedicated Logic Registers ; Memory Bits ; DSP Elements ; DSP 9x9 ; DSP 18x18 ; Pins ; Virtual Pins ; Full Hierarchy Name                           ; Entity Name       ; Library Name ;
+---------------------------------+---------------------+---------------------------+-------------+--------------+---------+-----------+------+--------------+-----------------------------------------------+-------------------+--------------+
; |traffic_light_top              ; 1199 (6)            ; 484 (0)                   ; 0           ; 0            ; 0       ; 0         ; 61   ; 0            ; |traffic_light_top                            ; traffic_light_top ; work         ;
;    |clk_div:u_clk|              ; 45 (45)             ; 25 (25)                   ; 0           ; 0            ; 0       ; 0         ; 0    ; 0            ; |traffic_light_top|clk_div:u_clk              ; clk_div           ; work         ;
;    |config_regs:u_cfg|          ; 28 (28)             ; 160 (160)                 ; 0           ; 0            ; 0       ; 0         ; 0    ; 0            ; |traffic_light_top|config_regs:u_cfg          ; config_regs       ; work         ;
;    |conflict_monitor:u_monitor| ; 6 (6)               ; 0 (0)                     ; 0           ; 0            ; 0       ; 0         ; 0    ; 0            ; |traffic_light_top|conflict_monitor:u_monitor ; conflict_monitor  ; work         ;
;    |dip_controller:u_dip|       ; 31 (31)             ; 45 (45)                   ; 0           ; 0            ; 0       ; 0         ; 0    ; 0            ; |traffic_light_top|dip_controller:u_dip       ; dip_controller    ; work         ;
;    |direction_sm:u_east|        ; 175 (175)           ; 28 (28)                   ; 0           ; 0            ; 0       ; 0         ; 0    ; 0            ; |traffic_light_top|direction_sm:u_east        ; direction_sm      ; work         ;
;    |direction_sm:u_north|       ; 176 (176)           ; 28 (28)                   ; 0           ; 0            ; 0       ; 0         ; 0    ; 0            ; |traffic_light_top|direction_sm:u_north       ; direction_sm      ; work         ;
;    |direction_sm:u_south|       ; 176 (176)           ; 28 (28)                   ; 0           ; 0            ; 0       ; 0         ; 0    ; 0            ; |traffic_light_top|direction_sm:u_south       ; direction_sm      ; work         ;
;    |direction_sm:u_west|        ; 182 (182)           ; 28 (28)                   ; 0           ; 0            ; 0       ; 0         ; 0    ; 0            ; |traffic_light_top|direction_sm:u_west        ; direction_sm      ; work         ;
;    |request_decoder:u_req|      ; 241 (241)           ; 97 (97)                   ; 0           ; 0            ; 0       ; 0         ; 0    ; 0            ; |traffic_light_top|request_decoder:u_req      ; request_decoder   ; work         ;
;    |seg_state:u_seg|            ; 102 (102)           ; 34 (34)                   ; 0           ; 0            ; 0       ; 0         ; 0    ; 0            ; |traffic_light_top|seg_state:u_seg            ; seg_state         ; work         ;
;    |sm0_coordinator:u_sm0|      ; 31 (31)             ; 11 (11)                   ; 0           ; 0            ; 0       ; 0         ; 0    ; 0            ; |traffic_light_top|sm0_coordinator:u_sm0      ; sm0_coordinator   ; work         ;
+---------------------------------+---------------------+---------------------------+-------------+--------------+---------+-----------+------+--------------+-----------------------------------------------+-------------------+--------------+
Note: For table entries with two numbers listed, the numbers in parentheses indicate the number of resources of the given type used by the specific entity alone. The numbers listed outside of parentheses indicate the total resources of the given type used by the specific entity and all of its sub-entities in the hierarchy.


Encoding Type:  One-Hot
+----------------------------------------------------------------------------------------------------------------------------------------------------------------------------------------------+
; State Machine - |traffic_light_top|direction_sm:u_west|state                                                                                                                                 ;
+----------------------+---------------------+----------------------+--------------------+---------------------+---------------------+---------------------+----------------------+------------+
; Name                 ; state.SM3_STRA_YELL ; state.SM3_STRA_GREEN ; state.SM3_WAIT_OPP ; state.SM2_PED_FLASH ; state.SM2_PED_SOLID ; state.SM1_LEFT_YELL ; state.SM1_LEFT_GREEN ; state.IDLE ;
+----------------------+---------------------+----------------------+--------------------+---------------------+---------------------+---------------------+----------------------+------------+
; state.IDLE           ; 0                   ; 0                    ; 0                  ; 0                   ; 0                   ; 0                   ; 0                    ; 0          ;
; state.SM1_LEFT_GREEN ; 0                   ; 0                    ; 0                  ; 0                   ; 0                   ; 0                   ; 1                    ; 1          ;
; state.SM1_LEFT_YELL  ; 0                   ; 0                    ; 0                  ; 0                   ; 0                   ; 1                   ; 0                    ; 1          ;
; state.SM2_PED_SOLID  ; 0                   ; 0                    ; 0                  ; 0                   ; 1                   ; 0                   ; 0                    ; 1          ;
; state.SM2_PED_FLASH  ; 0                   ; 0                    ; 0                  ; 1                   ; 0                   ; 0                   ; 0                    ; 1          ;
; state.SM3_WAIT_OPP   ; 0                   ; 0                    ; 1                  ; 0                   ; 0                   ; 0                   ; 0                    ; 1          ;
; state.SM3_STRA_GREEN ; 0                   ; 1                    ; 0                  ; 0                   ; 0                   ; 0                   ; 0                    ; 1          ;
; state.SM3_STRA_YELL  ; 1                   ; 0                    ; 0                  ; 0                   ; 0                   ; 0                   ; 0                    ; 1          ;
+----------------------+---------------------+----------------------+--------------------+---------------------+---------------------+---------------------+----------------------+------------+


Encoding Type:  One-Hot
+----------------------------------------------------------------------------------------------------------------------------------------------------------------------------------------------+
; State Machine - |traffic_light_top|direction_sm:u_east|state                                                                                                                                 ;
+----------------------+---------------------+----------------------+--------------------+---------------------+---------------------+---------------------+----------------------+------------+
; Name                 ; state.SM3_STRA_YELL ; state.SM3_STRA_GREEN ; state.SM3_WAIT_OPP ; state.SM2_PED_FLASH ; state.SM2_PED_SOLID ; state.SM1_LEFT_YELL ; state.SM1_LEFT_GREEN ; state.IDLE ;
+----------------------+---------------------+----------------------+--------------------+---------------------+---------------------+---------------------+----------------------+------------+
; state.IDLE           ; 0                   ; 0                    ; 0                  ; 0                   ; 0                   ; 0                   ; 0                    ; 0          ;
; state.SM1_LEFT_GREEN ; 0                   ; 0                    ; 0                  ; 0                   ; 0                   ; 0                   ; 1                    ; 1          ;
; state.SM1_LEFT_YELL  ; 0                   ; 0                    ; 0                  ; 0                   ; 0                   ; 1                   ; 0                    ; 1          ;
; state.SM2_PED_SOLID  ; 0                   ; 0                    ; 0                  ; 0                   ; 1                   ; 0                   ; 0                    ; 1          ;
; state.SM2_PED_FLASH  ; 0                   ; 0                    ; 0                  ; 1                   ; 0                   ; 0                   ; 0                    ; 1          ;
; state.SM3_WAIT_OPP   ; 0                   ; 0                    ; 1                  ; 0                   ; 0                   ; 0                   ; 0                    ; 1          ;
; state.SM3_STRA_GREEN ; 0                   ; 1                    ; 0                  ; 0                   ; 0                   ; 0                   ; 0                    ; 1          ;
; state.SM3_STRA_YELL  ; 1                   ; 0                    ; 0                  ; 0                   ; 0                   ; 0                   ; 0                    ; 1          ;
+----------------------+---------------------+----------------------+--------------------+---------------------+---------------------+---------------------+----------------------+------------+


Encoding Type:  One-Hot
+----------------------------------------------------------------------------------------------------------------------------------------------------------------------------------------------+
; State Machine - |traffic_light_top|direction_sm:u_south|state                                                                                                                                ;
+----------------------+---------------------+----------------------+--------------------+---------------------+---------------------+---------------------+----------------------+------------+
; Name                 ; state.SM3_STRA_YELL ; state.SM3_STRA_GREEN ; state.SM3_WAIT_OPP ; state.SM2_PED_FLASH ; state.SM2_PED_SOLID ; state.SM1_LEFT_YELL ; state.SM1_LEFT_GREEN ; state.IDLE ;
+----------------------+---------------------+----------------------+--------------------+---------------------+---------------------+---------------------+----------------------+------------+
; state.IDLE           ; 0                   ; 0                    ; 0                  ; 0                   ; 0                   ; 0                   ; 0                    ; 0          ;
; state.SM1_LEFT_GREEN ; 0                   ; 0                    ; 0                  ; 0                   ; 0                   ; 0                   ; 1                    ; 1          ;
; state.SM1_LEFT_YELL  ; 0                   ; 0                    ; 0                  ; 0                   ; 0                   ; 1                   ; 0                    ; 1          ;
; state.SM2_PED_SOLID  ; 0                   ; 0                    ; 0                  ; 0                   ; 1                   ; 0                   ; 0                    ; 1          ;
; state.SM2_PED_FLASH  ; 0                   ; 0                    ; 0                  ; 1                   ; 0                   ; 0                   ; 0                    ; 1          ;
; state.SM3_WAIT_OPP   ; 0                   ; 0                    ; 1                  ; 0                   ; 0                   ; 0                   ; 0                    ; 1          ;
; state.SM3_STRA_GREEN ; 0                   ; 1                    ; 0                  ; 0                   ; 0                   ; 0                   ; 0                    ; 1          ;
; state.SM3_STRA_YELL  ; 1                   ; 0                    ; 0                  ; 0                   ; 0                   ; 0                   ; 0                    ; 1          ;
+----------------------+---------------------+----------------------+--------------------+---------------------+---------------------+---------------------+----------------------+------------+


Encoding Type:  One-Hot
+----------------------------------------------------------------------------------------------------------------------------------------------------------------------------------------------+
; State Machine - |traffic_light_top|direction_sm:u_north|state                                                                                                                                ;
+----------------------+---------------------+----------------------+--------------------+---------------------+---------------------+---------------------+----------------------+------------+
; Name                 ; state.SM3_STRA_YELL ; state.SM3_STRA_GREEN ; state.SM3_WAIT_OPP ; state.SM2_PED_FLASH ; state.SM2_PED_SOLID ; state.SM1_LEFT_YELL ; state.SM1_LEFT_GREEN ; state.IDLE ;
+----------------------+---------------------+----------------------+--------------------+---------------------+---------------------+---------------------+----------------------+------------+
; state.IDLE           ; 0                   ; 0                    ; 0                  ; 0                   ; 0                   ; 0                   ; 0                    ; 0          ;
; state.SM1_LEFT_GREEN ; 0                   ; 0                    ; 0                  ; 0                   ; 0                   ; 0                   ; 1                    ; 1          ;
; state.SM1_LEFT_YELL  ; 0                   ; 0                    ; 0                  ; 0                   ; 0                   ; 1                   ; 0                    ; 1          ;
; state.SM2_PED_SOLID  ; 0                   ; 0                    ; 0                  ; 0                   ; 1                   ; 0                   ; 0                    ; 1          ;
; state.SM2_PED_FLASH  ; 0                   ; 0                    ; 0                  ; 1                   ; 0                   ; 0                   ; 0                    ; 1          ;
; state.SM3_WAIT_OPP   ; 0                   ; 0                    ; 1                  ; 0                   ; 0                   ; 0                   ; 0                    ; 1          ;
; state.SM3_STRA_GREEN ; 0                   ; 1                    ; 0                  ; 0                   ; 0                   ; 0                   ; 0                    ; 1          ;
; state.SM3_STRA_YELL  ; 1                   ; 0                    ; 0                  ; 0                   ; 0                   ; 0                   ; 0                    ; 1          ;
+----------------------+---------------------+----------------------+--------------------+---------------------+---------------------+---------------------+----------------------+------------+


Encoding Type:  One-Hot
+---------------------------------------------------------------------------------------------------------------------------------+
; State Machine - |traffic_light_top|sm0_coordinator:u_sm0|state                                                                  ;
+-------------------+--------------+-------------------+-------------------+-------------------+-------------------+--------------+
; Name              ; state.S_HALT ; state.S_EW_SWITCH ; state.S_EW_ACTIVE ; state.S_NS_SWITCH ; state.S_NS_ACTIVE ; state.S_INIT ;
+-------------------+--------------+-------------------+-------------------+-------------------+-------------------+--------------+
; state.S_INIT      ; 0            ; 0                 ; 0                 ; 0                 ; 0                 ; 0            ;
; state.S_NS_ACTIVE ; 0            ; 0                 ; 0                 ; 0                 ; 1                 ; 1            ;
; state.S_NS_SWITCH ; 0            ; 0                 ; 0                 ; 1                 ; 0                 ; 1            ;
; state.S_EW_ACTIVE ; 0            ; 0                 ; 1                 ; 0                 ; 0                 ; 1            ;
; state.S_EW_SWITCH ; 0            ; 1                 ; 0                 ; 0                 ; 0                 ; 1            ;
; state.S_HALT      ; 1            ; 0                 ; 0                 ; 0                 ; 0                 ; 1            ;
+-------------------+--------------+-------------------+-------------------+-------------------+-------------------+--------------+


+-------------------------------------------------------------------------------------+
; Registers Removed During Synthesis                                                  ;
+----------------------------------------+--------------------------------------------+
; Register name                          ; Reason for Removal                         ;
+----------------------------------------+--------------------------------------------+
; clk_div:u_clk|tick_05hz                ; Merged with request_decoder:u_req|sub_tick ;
; direction_sm:u_west|state~12           ; Lost fanout                                ;
; direction_sm:u_west|state~13           ; Lost fanout                                ;
; direction_sm:u_west|state~14           ; Lost fanout                                ;
; direction_sm:u_west|state~15           ; Lost fanout                                ;
; direction_sm:u_east|state~12           ; Lost fanout                                ;
; direction_sm:u_east|state~13           ; Lost fanout                                ;
; direction_sm:u_east|state~14           ; Lost fanout                                ;
; direction_sm:u_east|state~15           ; Lost fanout                                ;
; direction_sm:u_south|state~12          ; Lost fanout                                ;
; direction_sm:u_south|state~13          ; Lost fanout                                ;
; direction_sm:u_south|state~14          ; Lost fanout                                ;
; direction_sm:u_south|state~15          ; Lost fanout                                ;
; direction_sm:u_north|state~12          ; Lost fanout                                ;
; direction_sm:u_north|state~13          ; Lost fanout                                ;
; direction_sm:u_north|state~14          ; Lost fanout                                ;
; direction_sm:u_north|state~15          ; Lost fanout                                ;
; sm0_coordinator:u_sm0|state~10         ; Lost fanout                                ;
; sm0_coordinator:u_sm0|state~11         ; Lost fanout                                ;
; sm0_coordinator:u_sm0|state~12         ; Lost fanout                                ;
; clk_div:u_clk|cnt_1hz[0]               ; Merged with seg_state:u_seg|mux_cnt[0]     ;
; clk_div:u_clk|cnt_1hz[1]               ; Merged with seg_state:u_seg|mux_cnt[1]     ;
; Total Number of Removed Registers = 22 ;                                            ;
+----------------------------------------+--------------------------------------------+


+------------------------------------------------------+
; General Register Statistics                          ;
+----------------------------------------------+-------+
; Statistic                                    ; Value ;
+----------------------------------------------+-------+
; Total registers                              ; 484   ;
; Number of registers using Synchronous Clear  ; 20    ;
; Number of registers using Synchronous Load   ; 0     ;
; Number of registers using Asynchronous Clear ; 484   ;
; Number of registers using Asynchronous Load  ; 0     ;
; Number of registers using Clock Enable       ; 388   ;
; Number of registers using Preset             ; 0     ;
+----------------------------------------------+-------+


+---------------------------------------------------+
; Inverted Register Statistics                      ;
+-----------------------------------------+---------+
; Inverted Register                       ; Fan out ;
+-----------------------------------------+---------+
; config_regs:u_cfg|yellow_ew[0]          ; 4       ;
; config_regs:u_cfg|stra_max_ew[3]        ; 6       ;
; config_regs:u_cfg|stra_max_ew[0]        ; 4       ;
; config_regs:u_cfg|left_min[1]           ; 8       ;
; config_regs:u_cfg|left_max_ew[3]        ; 4       ;
; config_regs:u_cfg|left_max_ew[0]        ; 2       ;
; config_regs:u_cfg|stra_min[1]           ; 8       ;
; config_regs:u_cfg|yellow_ew[1]          ; 2       ;
; config_regs:u_cfg|ped_flash[1]          ; 4       ;
; config_regs:u_cfg|left_max_ns[3]        ; 4       ;
; config_regs:u_cfg|stra_max_ns[3]        ; 6       ;
; config_regs:u_cfg|stra_max_ns[0]        ; 4       ;
; config_regs:u_cfg|yellow_ns[1]          ; 2       ;
; config_regs:u_cfg|yellow_ns[0]          ; 4       ;
; config_regs:u_cfg|left_max_ns[0]        ; 2       ;
; direction_sm:u_north|sm_idle            ; 5       ;
; direction_sm:u_south|sm_idle            ; 5       ;
; direction_sm:u_east|sm_idle             ; 4       ;
; direction_sm:u_west|sm_idle             ; 4       ;
; config_regs:u_cfg|shadow[1][0]          ; 1       ;
; config_regs:u_cfg|shadow[5][3]          ; 1       ;
; config_regs:u_cfg|shadow[5][0]          ; 1       ;
; config_regs:u_cfg|shadow[7][1]          ; 1       ;
; config_regs:u_cfg|shadow[3][3]          ; 1       ;
; config_regs:u_cfg|shadow[3][0]          ; 1       ;
; config_regs:u_cfg|shadow[6][1]          ; 1       ;
; config_regs:u_cfg|shadow[1][1]          ; 1       ;
; config_regs:u_cfg|shadow[9][1]          ; 1       ;
; config_regs:u_cfg|shadow[2][3]          ; 1       ;
; config_regs:u_cfg|shadow[4][3]          ; 1       ;
; config_regs:u_cfg|shadow[4][0]          ; 1       ;
; config_regs:u_cfg|shadow[0][1]          ; 1       ;
; config_regs:u_cfg|shadow[0][0]          ; 1       ;
; config_regs:u_cfg|shadow[2][0]          ; 1       ;
; Total number of inverted registers = 34 ;         ;
+-----------------------------------------+---------+


+--------------------------------------------------------------------------------------------------------------------------------------------------------------------------+
; Multiplexer Restructuring Statistics (Restructuring Performed)                                                                                                           ;
+--------------------+-----------+---------------+----------------------+------------------------+------------+------------------------------------------------------------+
; Multiplexer Inputs ; Bus Width ; Baseline Area ; Area if Restructured ; Saving if Restructured ; Registered ; Example Multiplexer Output                                 ;
+--------------------+-----------+---------------+----------------------+------------------------+------------+------------------------------------------------------------+
; 3:1                ; 20 bits   ; 40 LEs        ; 20 LEs               ; 20 LEs                 ; Yes        ; |traffic_light_top|dip_controller:u_dip|deb_cnt[11]        ;
; 11:1               ; 8 bits    ; 56 LEs        ; 8 LEs                ; 48 LEs                 ; Yes        ; |traffic_light_top|direction_sm:u_west|phase_cnt[5]        ;
; 11:1               ; 8 bits    ; 56 LEs        ; 8 LEs                ; 48 LEs                 ; Yes        ; |traffic_light_top|direction_sm:u_east|phase_cnt[6]        ;
; 11:1               ; 8 bits    ; 56 LEs        ; 8 LEs                ; 48 LEs                 ; Yes        ; |traffic_light_top|direction_sm:u_south|phase_cnt[2]       ;
; 11:1               ; 8 bits    ; 56 LEs        ; 8 LEs                ; 48 LEs                 ; Yes        ; |traffic_light_top|direction_sm:u_north|phase_cnt[7]       ;
; 18:1               ; 7 bits    ; 84 LEs        ; 42 LEs               ; 42 LEs                 ; Yes        ; |traffic_light_top|direction_sm:u_west|dur[3]              ;
; 18:1               ; 7 bits    ; 84 LEs        ; 42 LEs               ; 42 LEs                 ; Yes        ; |traffic_light_top|direction_sm:u_east|dur[1]              ;
; 18:1               ; 7 bits    ; 84 LEs        ; 42 LEs               ; 42 LEs                 ; Yes        ; |traffic_light_top|direction_sm:u_south|dur[1]             ;
; 18:1               ; 7 bits    ; 84 LEs        ; 42 LEs               ; 42 LEs                 ; Yes        ; |traffic_light_top|direction_sm:u_north|dur[4]             ;
; 3:1                ; 4 bits    ; 8 LEs         ; 8 LEs                ; 0 LEs                  ; No         ; |traffic_light_top|direction_sm:u_north|phase_remaining[3] ;
; 3:1                ; 4 bits    ; 8 LEs         ; 8 LEs                ; 0 LEs                  ; No         ; |traffic_light_top|direction_sm:u_south|phase_remaining[3] ;
; 3:1                ; 4 bits    ; 8 LEs         ; 8 LEs                ; 0 LEs                  ; No         ; |traffic_light_top|direction_sm:u_east|phase_remaining[0]  ;
; 3:1                ; 4 bits    ; 8 LEs         ; 8 LEs                ; 0 LEs                  ; No         ; |traffic_light_top|direction_sm:u_west|phase_remaining[3]  ;
; 8:1                ; 4 bits    ; 20 LEs        ; 16 LEs               ; 4 LEs                  ; No         ; |traffic_light_top|seg_state:u_seg|Mux4                    ;
; 9:1                ; 3 bits    ; 18 LEs        ; 6 LEs                ; 12 LEs                 ; No         ; |traffic_light_top|sm0_coordinator:u_sm0|Selector7         ;
; 9:1                ; 2 bits    ; 12 LEs        ; 4 LEs                ; 8 LEs                  ; No         ; |traffic_light_top|direction_sm:u_west|state               ;
; 9:1                ; 2 bits    ; 12 LEs        ; 4 LEs                ; 8 LEs                  ; No         ; |traffic_light_top|direction_sm:u_east|state               ;
; 9:1                ; 2 bits    ; 12 LEs        ; 4 LEs                ; 8 LEs                  ; No         ; |traffic_light_top|direction_sm:u_south|state              ;
; 9:1                ; 2 bits    ; 12 LEs        ; 4 LEs                ; 8 LEs                  ; No         ; |traffic_light_top|direction_sm:u_north|state              ;
+--------------------+-----------+---------------+----------------------+------------------------+------------+------------------------------------------------------------+


+------------------------------------------------------------+
; Parameter Settings for User Entity Instance: clk_div:u_clk ;
+----------------+----------+--------------------------------+
; Parameter Name ; Value    ; Type                           ;
+----------------+----------+--------------------------------+
; CLK_FREQ       ; 50000000 ; Signed Integer                 ;
+----------------+----------+--------------------------------+
Note: In order to hide this table in the UI and the text report file, please set the "Show Parameter Settings in Synthesis Report" option in "Analysis and Synthesis Settings -> More Settings" to "Off".


+-------------------------------------------------------------------+
; Parameter Settings for User Entity Instance: dip_controller:u_dip ;
+----------------+---------+----------------------------------------+
; Parameter Name ; Value   ; Type                                   ;
+----------------+---------+----------------------------------------+
; DEBOUNCE_MAX   ; 1000000 ; Signed Integer                         ;
+----------------+---------+----------------------------------------+
Note: In order to hide this table in the UI and the text report file, please set the "Show Parameter Settings in Synthesis Report" option in "Analysis and Synthesis Settings -> More Settings" to "Off".


+--------------------------------------------------------+
; Port Connectivity Checks: "sm0_coordinator:u_sm0"      ;
+-----------+--------+----------+------------------------+
; Port      ; Type   ; Severity ; Details                ;
+-----------+--------+----------+------------------------+
; active_ns ; Output ; Info     ; Explicitly unconnected ;
+-----------+--------+----------+------------------------+


+--------------------------------------------------------------------------------------------------------------------+
; Port Connectivity Checks: "clk_div:u_clk"                                                                          ;
+----------+--------+----------+-------------------------------------------------------------------------------------+
; Port     ; Type   ; Severity ; Details                                                                             ;
+----------+--------+----------+-------------------------------------------------------------------------------------+
; tick_2hz ; Output ; Info     ; Connected to dangling logic. Logic that only feeds a dangling port will be removed. ;
+----------+--------+----------+-------------------------------------------------------------------------------------+


+-----------------------------------------------------+
; Post-Synthesis Netlist Statistics for Top Partition ;
+-----------------------+-----------------------------+
; Type                  ; Count                       ;
+-----------------------+-----------------------------+
; boundary_port         ; 61                          ;
; cycloneiii_ff         ; 484                         ;
;     CLR               ; 96                          ;
;     ENA CLR           ; 368                         ;
;     ENA CLR SCLR      ; 20                          ;
; cycloneiii_io_obuf    ; 4                           ;
; cycloneiii_lcell_comb ; 1209                        ;
;     arith             ; 432                         ;
;         2 data inputs ; 125                         ;
;         3 data inputs ; 307                         ;
;     normal            ; 777                         ;
;         0 data inputs ; 5                           ;
;         1 data inputs ; 27                          ;
;         2 data inputs ; 134                         ;
;         3 data inputs ; 89                          ;
;         4 data inputs ; 522                         ;
;                       ;                             ;
; Max LUT depth         ; 9.70                        ;
; Average LUT depth     ; 4.77                        ;
+-----------------------+-----------------------------+


+-------------------------------+
; Elapsed Time Per Partition    ;
+----------------+--------------+
; Partition Name ; Elapsed Time ;
+----------------+--------------+
; Top            ; 00:00:01     ;
+----------------+--------------+


+-------------------------------+
; Analysis & Synthesis Messages ;
+-------------------------------+
Info: *******************************************************************
Info: Running Quartus Prime Analysis & Synthesis
    Info: Version 20.1.0 Build 711 06/05/2020 SJ Lite Edition
    Info: Processing started: Fri Apr 10 04:15:15 2026
Info: Command: quartus_map --read_settings_files=on --write_settings_files=off traffic_button -c traffic_button
Warning (18236): Number of processors has not been specified which may cause overloading on shared machines.  Set the global assignment NUM_PARALLEL_PROCESSORS in your QSF to an appropriate value for best performance.
Info (20030): Parallel compilation is enabled and will use 4 of the 4 processors detected
Info (12021): Found 1 design units, including 1 entities, in source file /home/hoangbuikhanh/WORKSPACE/traffic_control_system_buttons/script/traffic_light_top.v
    Info (12023): Found entity 1: traffic_light_top File: /home/hoangbuikhanh/WORKSPACE/traffic_control_system_buttons/script/traffic_light_top.v Line: 18
Info (12021): Found 1 design units, including 1 entities, in source file /home/hoangbuikhanh/WORKSPACE/traffic_control_system_buttons/script/sm0_coordinator.v
    Info (12023): Found entity 1: sm0_coordinator File: /home/hoangbuikhanh/WORKSPACE/traffic_control_system_buttons/script/sm0_coordinator.v Line: 10
Info (12021): Found 1 design units, including 1 entities, in source file /home/hoangbuikhanh/WORKSPACE/traffic_control_system_buttons/script/seg_state.v
    Info (12023): Found entity 1: seg_state File: /home/hoangbuikhanh/WORKSPACE/traffic_control_system_buttons/script/seg_state.v Line: 8
Info (12021): Found 1 design units, including 1 entities, in source file /home/hoangbuikhanh/WORKSPACE/traffic_control_system_buttons/script/request_decoder.v
    Info (12023): Found entity 1: request_decoder File: /home/hoangbuikhanh/WORKSPACE/traffic_control_system_buttons/script/request_decoder.v Line: 16
Info (12021): Found 1 design units, including 1 entities, in source file /home/hoangbuikhanh/WORKSPACE/traffic_control_system_buttons/script/direction_sm.v
    Info (12023): Found entity 1: direction_sm File: /home/hoangbuikhanh/WORKSPACE/traffic_control_system_buttons/script/direction_sm.v Line: 11
Info (12021): Found 1 design units, including 1 entities, in source file /home/hoangbuikhanh/WORKSPACE/traffic_control_system_buttons/script/dip_controller.v
    Info (12023): Found entity 1: dip_controller File: /home/hoangbuikhanh/WORKSPACE/traffic_control_system_buttons/script/dip_controller.v Line: 8
Info (12021): Found 1 design units, including 1 entities, in source file /home/hoangbuikhanh/WORKSPACE/traffic_control_system_buttons/script/conflict_monitor.v
    Info (12023): Found entity 1: conflict_monitor File: /home/hoangbuikhanh/WORKSPACE/traffic_control_system_buttons/script/conflict_monitor.v Line: 12
Info (12021): Found 1 design units, including 1 entities, in source file /home/hoangbuikhanh/WORKSPACE/traffic_control_system_buttons/script/config_regs.v
    Info (12023): Found entity 1: config_regs File: /home/hoangbuikhanh/WORKSPACE/traffic_control_system_buttons/script/config_regs.v Line: 20
Info (12021): Found 1 design units, including 1 entities, in source file /home/hoangbuikhanh/WORKSPACE/traffic_control_system_buttons/script/clk_div.v
    Info (12023): Found entity 1: clk_div File: /home/hoangbuikhanh/WORKSPACE/traffic_control_system_buttons/script/clk_div.v Line: 11
Info (12127): Elaborating entity "traffic_light_top" for the top level hierarchy
Info (12128): Elaborating entity "clk_div" for hierarchy "clk_div:u_clk" File: /home/hoangbuikhanh/WORKSPACE/traffic_control_system_buttons/script/traffic_light_top.v Line: 95
Warning (10230): Verilog HDL assignment warning at clk_div.v(33): truncated value with size 32 to match size of target (26) File: /home/hoangbuikhanh/WORKSPACE/traffic_control_system_buttons/script/clk_div.v Line: 33
Warning (10230): Verilog HDL assignment warning at clk_div.v(47): truncated value with size 32 to match size of target (25) File: /home/hoangbuikhanh/WORKSPACE/traffic_control_system_buttons/script/clk_div.v Line: 47
Info (12128): Elaborating entity "dip_controller" for hierarchy "dip_controller:u_dip" File: /home/hoangbuikhanh/WORKSPACE/traffic_control_system_buttons/script/traffic_light_top.v Line: 100
Warning (10230): Verilog HDL assignment warning at dip_controller.v(37): truncated value with size 32 to match size of target (20) File: /home/hoangbuikhanh/WORKSPACE/traffic_control_system_buttons/script/dip_controller.v Line: 37
Info (12128): Elaborating entity "config_regs" for hierarchy "config_regs:u_cfg" File: /home/hoangbuikhanh/WORKSPACE/traffic_control_system_buttons/script/traffic_light_top.v Line: 110
Info (12128): Elaborating entity "request_decoder" for hierarchy "request_decoder:u_req" File: /home/hoangbuikhanh/WORKSPACE/traffic_control_system_buttons/script/traffic_light_top.v Line: 128
Warning (10230): Verilog HDL assignment warning at request_decoder.v(113): truncated value with size 32 to match size of target (7) File: /home/hoangbuikhanh/WORKSPACE/traffic_control_system_buttons/script/request_decoder.v Line: 113
Warning (10230): Verilog HDL assignment warning at request_decoder.v(114): truncated value with size 32 to match size of target (7) File: /home/hoangbuikhanh/WORKSPACE/traffic_control_system_buttons/script/request_decoder.v Line: 114
Info (12128): Elaborating entity "sm0_coordinator" for hierarchy "sm0_coordinator:u_sm0" File: /home/hoangbuikhanh/WORKSPACE/traffic_control_system_buttons/script/traffic_light_top.v Line: 139
Info (12128): Elaborating entity "direction_sm" for hierarchy "direction_sm:u_north" File: /home/hoangbuikhanh/WORKSPACE/traffic_control_system_buttons/script/traffic_light_top.v Line: 154
Warning (10230): Verilog HDL assignment warning at direction_sm.v(108): truncated value with size 32 to match size of target (8) File: /home/hoangbuikhanh/WORKSPACE/traffic_control_system_buttons/script/direction_sm.v Line: 108
Warning (10230): Verilog HDL assignment warning at direction_sm.v(114): truncated value with size 32 to match size of target (8) File: /home/hoangbuikhanh/WORKSPACE/traffic_control_system_buttons/script/direction_sm.v Line: 114
Warning (10230): Verilog HDL assignment warning at direction_sm.v(119): truncated value with size 32 to match size of target (8) File: /home/hoangbuikhanh/WORKSPACE/traffic_control_system_buttons/script/direction_sm.v Line: 119
Warning (10230): Verilog HDL assignment warning at direction_sm.v(124): truncated value with size 32 to match size of target (8) File: /home/hoangbuikhanh/WORKSPACE/traffic_control_system_buttons/script/direction_sm.v Line: 124
Warning (10230): Verilog HDL assignment warning at direction_sm.v(144): truncated value with size 32 to match size of target (8) File: /home/hoangbuikhanh/WORKSPACE/traffic_control_system_buttons/script/direction_sm.v Line: 144
Warning (10230): Verilog HDL assignment warning at direction_sm.v(150): truncated value with size 32 to match size of target (8) File: /home/hoangbuikhanh/WORKSPACE/traffic_control_system_buttons/script/direction_sm.v Line: 150
Info (10264): Verilog HDL Case Statement information at direction_sm.v(160): all case item expressions in this case statement are onehot File: /home/hoangbuikhanh/WORKSPACE/traffic_control_system_buttons/script/direction_sm.v Line: 160
Info (10264): Verilog HDL Case Statement information at direction_sm.v(174): all case item expressions in this case statement are onehot File: /home/hoangbuikhanh/WORKSPACE/traffic_control_system_buttons/script/direction_sm.v Line: 174
Info (12128): Elaborating entity "conflict_monitor" for hierarchy "conflict_monitor:u_monitor" File: /home/hoangbuikhanh/WORKSPACE/traffic_control_system_buttons/script/traffic_light_top.v Line: 207
Info (12128): Elaborating entity "seg_state" for hierarchy "seg_state:u_seg" File: /home/hoangbuikhanh/WORKSPACE/traffic_control_system_buttons/script/traffic_light_top.v Line: 214
Info (13000): Registers with preset signals will power-up high File: /home/hoangbuikhanh/WORKSPACE/traffic_control_system_buttons/script/config_regs.v Line: 71
Info (13003): DEV_CLRn pin will set, and not reset, register with preset signal due to NOT Gate Push-Back
Warning (13024): Output pins are stuck at VCC or GND
    Warning (13410): Pin "SVNSEG_SEG[7]" is stuck at VCC File: /home/hoangbuikhanh/WORKSPACE/traffic_control_system_buttons/script/traffic_light_top.v Line: 32
Info (286030): Timing-Driven Synthesis is running
Info (17049): 19 registers lost all their fanouts during netlist optimizations.
Info (16010): Generating hard_block partition "hard_block:auto_generated_inst"
    Info (16011): Adding 0 node(s), including 0 DDIO, 0 PLL, 0 transceiver and 0 LCELL
Info (21057): Implemented 1447 device resources after synthesis - the final resource count might be different
    Info (21058): Implemented 16 input pins
    Info (21059): Implemented 41 output pins
    Info (21060): Implemented 4 bidirectional pins
    Info (21061): Implemented 1386 logic cells
Info: Quartus Prime Analysis & Synthesis was successful. 0 errors, 14 warnings
    Info: Peak virtual memory: 432 megabytes
    Info: Processing ended: Fri Apr 10 04:15:23 2026
    Info: Elapsed time: 00:00:08
    Info: Total CPU time (on all processors): 00:00:19


